
> scoobybench-frontend@1.0.0 start
> webpack serve --mode development

asset [1m[32mbundle.js[39m[22m 1.8 MiB [1m[32m[emitted][39m[22m (name: main) 1 related asset
asset [1m[32mindex.html[39m[22m 468 bytes [1m[32m[emitted][39m[22m
runtime modules 29.2 KiB 15 modules
modules by path [1m./node_modules/[39m[22m 1.51 MiB 32 modules
modules by path [1m./src/renderer/[39m[22m 184 KiB
  modules by path [1m./src/renderer/components/*.jsx[39m[22m 152 KiB
    [1m./src/renderer/components/Dashboard.jsx[39m[22m 19.4 KiB [1m[33m[built][39m[22m [1m[33m[code generated][39m[22m
    [1m./src/renderer/components/BenchmarkRunner.jsx[39m[22m 30.5 KiB [1m[33m[built][39m[22m [1m[33m[code generated][39m[22m
    + 5 modules
  modules by path [1m./src/renderer/*.css[39m[22m 21.2 KiB
    [1m./src/renderer/styles.css[39m[22m 2.27 KiB [1m[33m[built][39m[22m [1m[33m[code generated][39m[22m
    ./node_modules/css-loader/dist/cjs.js![1m./src/renderer/styles.css[39m[22m 18.9 KiB [1m[33m[built][39m[22m [1m[33m[code generated][39m[22m
  [1m./src/renderer/app.js[39m[22m 10.6 KiB [1m[33m[built][39m[22m [1m[33m[code generated][39m[22m
webpack 5.106.2 compiled [1m[32msuccessfully[39m[22m in 1939 ms
assets by path [1m[32m*.js[39m[22m 1.82 MiB
  asset [1m[32mbundle.js[39m[22m 1.8 MiB [1m[32m[emitted][39m[22m (name: main) 1 related asset
  asset [1m[32mmain.4830bf21e3afbe637e69.hot-update.js[39m[22m 16.6 KiB [1m[32m[emitted][39m[22m [1m[32m[immutable][39m[22m [1m[32m[hmr][39m[22m (name: main) 1 related asset
asset [1m[32mindex.html[39m[22m 468 bytes [1m[32m[emitted][39m[22m
asset [1m[32mmain.4830bf21e3afbe637e69.hot-update.json[39m[22m 28 bytes [1m[32m[emitted][39m[22m [1m[32m[immutable][39m[22m [1m[32m[hmr][39m[22m
Entrypoint [1mmain[39m[22m 1.82 MiB (2.08 MiB) = [1m[32mbundle.js[39m[22m 1.8 MiB [1m[32mmain.4830bf21e3afbe637e69.hot-update.js[39m[22m 16.6 KiB 2 auxiliary assets
cached modules 1.68 MiB [1m[32m[cached][39m[22m 41 modules
runtime modules 29.2 KiB 15 modules
[1m./src/renderer/app.js[39m[22m 10.6 KiB [1m[33m[built][39m[22m [1m[33m[code generated][39m[22m
webpack 5.106.2 compiled [1m[32msuccessfully[39m[22m in 290 ms
